// Jest Snapshot v1, https://goo.gl/fbAQLP

exports[`NotFoundView jpp 1`] = `
<p
  className="sc-gswNZR gBlwrG"
/>
`;
